# Licensed to the Apache Software Foundation (ASF) under one or more
# contributor license agreements.  See the NOTICE file distributed with
# this work for additional information regarding copyright ownership.
# The ASF licenses this file to You under the Apache License, Version 2.0
# (the "License"); you may not use this file except in compliance with
# the License.  You may obtain a copy of the License at
#
#     http://www.apache.org/licenses/LICENSE-2.0
#
# Unless required by applicable law or agreed to in writing, software
# distributed under the License is distributed on an "AS IS" BASIS,
# WITHOUT WARRANTIES OR CONDITIONS OF ANY KIND, either express or implied.
# See the License for the specific language governing permissions and
# limitations under the License.

elements:
  - id: 1
    parentId: 0
    codeSignature: not null
    duration: gt 0
    durationChildExcluded: 0
    count: gt 0
  - id: 2
    parentId: 1
    codeSignature: not null
    duration: gt 0
    durationChildExcluded: 0
    count: gt 0
  - id: 3
    parentId: 2
    codeSignature: not null
    duration: gt 0
    durationChildExcluded: 0
    count: gt 0
  - id: 4
    parentId: 3
    codeSignature: not null
    duration: gt 0
    durationChildExcluded: 0
    count: gt 0
  - id: 5
    parentId: 4
    codeSignature: org.apache.tomcat.util.net.SocketProcessorBase.run:49
    duration: gt 0
    durationChildExcluded: 0
    count: gt 0
  - id: 6
    parentId: 5
    codeSignature: org.apache.tomcat.util.net.NioEndpoint$SocketProcessor.doRun:1639
    duration: gt 0
    durationChildExcluded: 0
    count: gt 0
  - id: 7
    parentId: 6
    codeSignature: org.apache.coyote.AbstractProtocol$ConnectionHandler.process:868
    duration: gt 0
    durationChildExcluded: 0
    count: gt 0
  - id: 8
    parentId: 7
    codeSignature: org.apache.coyote.AbstractProcessorLight.process:65
    duration: gt 0
    durationChildExcluded: 0
    count: gt 0
  - id: 9
    parentId: 8
    codeSignature: org.apache.coyote.http11.Http11Processor.service:367
    duration: gt 0
    durationChildExcluded: 0
    count: gt 0
  - id: 10
    parentId: 9
    codeSignature: org.apache.catalina.connector.CoyoteAdapter.service:343
    duration: gt 0
    durationChildExcluded: 0
    count: gt 0
  - id: 11
    parentId: 10
    codeSignature: org.apache.catalina.core.StandardEngineValve.invoke:74
    duration: gt 0
    durationChildExcluded: 0
    count: gt 0
  - id: 12
    parentId: 11
    codeSignature: org.apache.catalina.valves.ErrorReportValve.invoke:92
    duration: gt 0
    durationChildExcluded: 0
    count: gt 0
  - id: 13
    parentId: 12
    codeSignature: org.apache.catalina.core.StandardHostValve.invoke:-1
    duration: gt 0
    durationChildExcluded: 0
    count: gt 0
  - id: 14
    parentId: 13
    codeSignature: org.apache.skywalking.apm.agent.core.plugin.interceptor.enhance.InstMethodsInter.intercept:86
    duration: gt 0
    durationChildExcluded: 0
    count: gt 0
  - id: 15
    parentId: 14
    codeSignature: not null
    duration: gt 0
    durationChildExcluded: 0
    count: gt 0
  - id: 16
    parentId: 15
    codeSignature: not null
    duration: gt 0
    durationChildExcluded: 0
    count: gt 0
  - id: 17
    parentId: 16
    codeSignature: not null
    duration: gt 0
    durationChildExcluded: 0
    count: gt 0
  - id: 18
    parentId: 17
    codeSignature: org.apache.catalina.authenticator.AuthenticatorBase.invoke:541
    duration: gt 0
    durationChildExcluded: 0
    count: gt 0
  - id: 19
    parentId: 18
    codeSignature: org.apache.catalina.core.StandardContextValve.invoke:96
    duration: gt 0
    durationChildExcluded: 0
    count: gt 0
  - id: 20
    parentId: 19
    codeSignature: org.apache.catalina.core.StandardWrapperValve.invoke:202
    duration: gt 0
    durationChildExcluded: 0
    count: gt 0
  - id: 21
    parentId: 20
    codeSignature: org.apache.catalina.core.ApplicationFilterChain.doFilter:166
    duration: gt 0
    durationChildExcluded: 0
    count: gt 0
  - id: 22
    parentId: 21
    codeSignature: org.apache.catalina.core.ApplicationFilterChain.internalDoFilter:193
    duration: gt 0
    durationChildExcluded: 0
    count: gt 0
  - id: 23
    parentId: 22
    codeSignature: org.springframework.web.filter.OncePerRequestFilter.doFilter:119
    duration: gt 0
    durationChildExcluded: 0
    count: gt 0
  - id: 24
    parentId: 23
    codeSignature: org.springframework.web.filter.CharacterEncodingFilter.doFilterInternal:201
    duration: gt 0
    durationChildExcluded: 0
    count: gt 0
  - id: 25
    parentId: 24
    codeSignature: org.apache.catalina.core.ApplicationFilterChain.doFilter:166
    duration: gt 0
    durationChildExcluded: 0
    count: gt 0
  - id: 26
    parentId: 25
    codeSignature: org.apache.catalina.core.ApplicationFilterChain.internalDoFilter:193
    duration: gt 0
    durationChildExcluded: 0
    count: gt 0
  - id: 27
    parentId: 26
    codeSignature: org.springframework.web.filter.OncePerRequestFilter.doFilter:119
    duration: gt 0
    durationChildExcluded: 0
    count: gt 0
  - id: 28
    parentId: 27
    codeSignature: org.springframework.web.filter.FormContentFilter.doFilterInternal:93
    duration: gt 0
    durationChildExcluded: 0
    count: gt 0
  - id: 29
    parentId: 28
    codeSignature: org.apache.catalina.core.ApplicationFilterChain.doFilter:166
    duration: gt 0
    durationChildExcluded: 0
    count: gt 0
  - id: 30
    parentId: 29
    codeSignature: org.apache.catalina.core.ApplicationFilterChain.internalDoFilter:193
    duration: gt 0
    durationChildExcluded: 0
    count: gt 0
  - id: 31
    parentId: 30
    codeSignature: org.springframework.web.filter.OncePerRequestFilter.doFilter:119
    duration: gt 0
    durationChildExcluded: 0
    count: gt 0
  - id: 32
    parentId: 31
    codeSignature: org.springframework.web.filter.RequestContextFilter.doFilterInternal:100
    duration: gt 0
    durationChildExcluded: 0
    count: gt 0
  - id: 33
    parentId: 32
    codeSignature: org.apache.catalina.core.ApplicationFilterChain.doFilter:166
    duration: gt 0
    durationChildExcluded: 0
    count: gt 0
  - id: 34
    parentId: 33
    codeSignature: org.apache.catalina.core.ApplicationFilterChain.internalDoFilter:193
    duration: gt 0
    durationChildExcluded: 0
    count: gt 0
  - id: 35
    parentId: 34
    codeSignature: org.apache.tomcat.websocket.server.WsFilter.doFilter:53
    duration: gt 0
    durationChildExcluded: 0
    count: gt 0
  - id: 36
    parentId: 35
    codeSignature: org.apache.catalina.core.ApplicationFilterChain.doFilter:166
    duration: gt 0
    durationChildExcluded: 0
    count: gt 0
  - id: 37
    parentId: 36
    codeSignature: org.apache.catalina.core.ApplicationFilterChain.internalDoFilter:231
    duration: gt 0
    durationChildExcluded: 0
    count: gt 0
  - id: 38
    parentId: 37
    codeSignature: javax.servlet.http.HttpServlet.service:741
    duration: gt 0
    durationChildExcluded: 0
    count: gt 0
  - id: 39
    parentId: 38
    codeSignature: org.springframework.web.servlet.FrameworkServlet.service:883
    duration: gt 0
    durationChildExcluded: 0
    count: gt 0
  - id: 40
    parentId: 39
    codeSignature: javax.servlet.http.HttpServlet.service:660
    duration: gt 0
    durationChildExcluded: 0
    count: gt 0
  - id: 41
    parentId: 40
    codeSignature: org.springframework.web.servlet.FrameworkServlet.doPost:909
    duration: gt 0
    durationChildExcluded: 0
    count: gt 0
  - id: 42
    parentId: 41
    codeSignature: org.springframework.web.servlet.FrameworkServlet.processRequest:1006
    duration: gt 0
    durationChildExcluded: 0
    count: gt 0
  - id: 43
    parentId: 42
    codeSignature: org.springframework.web.servlet.DispatcherServlet.doService:943
    duration: gt 0
    durationChildExcluded: 0
    count: gt 0
  - id: 44
    parentId: 43
    codeSignature: org.springframework.web.servlet.DispatcherServlet.doDispatch:1040
    duration: gt 0
    durationChildExcluded: 0
    count: gt 0
  - id: 45
    parentId: 44
    codeSignature: org.springframework.web.servlet.mvc.method.AbstractHandlerMethodAdapter.handle:87
    duration: gt 0
    durationChildExcluded: 0
    count: gt 0
  - id: 46
    parentId: 45
    codeSignature: org.springframework.web.servlet.mvc.method.annotation.RequestMappingHandlerAdapter.handleInternal:793
    duration: gt 0
    durationChildExcluded: 0
    count: gt 0
  - id: 47
    parentId: 46
    codeSignature: org.springframework.web.servlet.mvc.method.annotation.RequestMappingHandlerAdapter.invokeHandlerMethod:879
    duration: gt 0
    durationChildExcluded: 0
    count: gt 0
  - id: 48
    parentId: 47
    codeSignature: org.springframework.web.servlet.mvc.method.annotation.ServletInvocableHandlerMethod.invokeAndHandle:106
    duration: gt 0
    durationChildExcluded: 0
    count: gt 0
  - id: 49
    parentId: 48
    codeSignature: org.springframework.web.method.support.InvocableHandlerMethod.invokeForRequest:138
    duration: gt 0
    durationChildExcluded: 0
    count: gt 0
  - id: 50
    parentId: 49
    codeSignature: org.springframework.web.method.support.InvocableHandlerMethod.doInvoke:190
    duration: gt 0
    durationChildExcluded: 0
    count: gt 0
  - id: 51
    parentId: 50
    codeSignature: not null
    duration: gt 0
    durationChildExcluded: 0
    count: gt 0
  - id: 52
    parentId: 51
    codeSignature: not null
    duration: gt 0
    durationChildExcluded: 0
    count: gt 0
  - id: 53
    parentId: 52
    codeSignature: not null
    duration: gt 0
    durationChildExcluded: 0
    count: gt 0
  - id: 54
    parentId: 53
    codeSignature: not null
    duration: gt 0
    durationChildExcluded: 0
    count: gt 0
  - id: 55
    parentId: 54
    codeSignature: org.apache.skywalking.e2e.profile.ProfileController.createAuthor:38
    duration: gt 0
    durationChildExcluded: 0
    count: gt 0
  - id: 56
    parentId: 55
    codeSignature: not null
    duration: gt 0
    durationChildExcluded: 0
    count: gt 0
  - id: 57
    parentId: 56
    codeSignature: not null
    duration: gt 0
    durationChildExcluded: 0
    count: gt 0
  - id: 58
    parentId: 57
    codeSignature: not null
    duration: gt 0
    durationChildExcluded: gt 0
    count: gt 0